Testing `cli_verbose'.
This run has ID `<uuid>'.

SHOULD APPEAR IN TEST OUTPUT
  [OK]          alpha          0   0.

Test Successful in <test-duration>s. 1 test run.
