Testing `test/e2e/alcotest/passing/compact.ml'.
This run has ID `<uuid>'.

................................................................................
................................................................................
..........................................

