Testing `test/e2e/alcotest/passing/empty_test_name.ml'.
This run has ID `<uuid>'.

  [OK]                    0   1.

Full test results in `<build-context>/_build/_tests/<test-dir>'.
Test Successful in <test-duration>s. 1 test run.
