test-a          0   alpha.
test-a          1   beta.
test-b          0   lorem ipsum dolor sit amet consectutor adipiscing elit.
