Testing `test/e2e/alcotest/passing/separator_testname.ml'.
This run has ID `<uuid>'.

  [OK]          with/separator          0   First test case.

Full test results in `<build-context>/_build/_tests/<test-dir>'.
Test Successful in <test-duration>s. 1 test run.
