Testing `test/e2e/alcotest/failing/check_long.ml'.
This run has ID `<uuid>'.

ASSERT list
  [FAIL]        wrapping          0   list.
ASSERT array
  [FAIL]        wrapping          1   array.
ASSERT nested options
  [FAIL]        wrapping          2   nested options.

┌──────────────────────────────────────────────────────────────────────────────┐
│ [FAIL]        wrapping          0   list.                                    │
└──────────────────────────────────────────────────────────────────────────────┘
FAIL list

   Expected: `[a; b; c; d; e; f; g; h; i; j; k; l; m; n; o; p; q; r; 
               s; t; u; v; w; x; y; z; A]'

   Received: `[a; b; c; d; e; f; g; h; i; j; k; l; m; n; o; p; q; r; 
               s; t; u; v; w; x; y; z; B]'
 ──────────────────────────────────────────────────────────────────────────────


┌──────────────────────────────────────────────────────────────────────────────┐
│ [FAIL]        wrapping          1   array.                                   │
└──────────────────────────────────────────────────────────────────────────────┘
FAIL array

   Expected: `[|0; 1; 2; 3; 4; 5; 6; 7; 8; 9; 10; 11; 12; 13; 14; 15; 
                16; 17; 18; 19; 20; 21; 22; 23; 24; 25; 26; 27; 28; 29; 
                30; 31; 32; 33; 34; 35; 36; 37; 38; 39; 40; 41; 42; 43; 
                44; 45; 46; 47; 48; 49; 50; 51; 52; 53; 54; 55; 56; 57; 
                58; 59; 60; 61; 62; 63; 64; 65; 66; 67; 68; 69; 70; 71; 
                72; 73; 74; 75; 76; 77; 78; 79; 80; 81; 82; 83; 84; 85; 
                86; 87; 88; 89; 90; 91; 92; 93; 94; 95; 96; 97; 98; 99;
                9223372036854775807|]'

   Received: `[|0; 1; 2; 3; 4; 5; 6; 7; 8; 9; 10; 11; 12; 13; 14; 15; 
                16; 17; 18; 19; 20; 21; 22; 23; 24; 25; 26; 27; 28; 29; 
                30; 31; 32; 33; 34; 35; 36; 37; 38; 39; 40; 41; 42; 43; 
                44; 45; 46; 47; 48; 49; 50; 51; 52; 53; 54; 55; 56; 57; 
                58; 59; 60; 61; 62; 63; 64; 65; 66; 67; 68; 69; 70; 71; 
                72; 73; 74; 75; 76; 77; 78; 79; 80; 81; 82; 83; 84; 85; 
                86; 87; 88; 89; 90; 91; 92; 93; 94; 95; 96; 97; 98; 99;
                -9223372036854775808|]'
 ──────────────────────────────────────────────────────────────────────────────


┌──────────────────────────────────────────────────────────────────────────────┐
│ [FAIL]        wrapping          2   nested options.                          │
└──────────────────────────────────────────────────────────────────────────────┘
FAIL nested options

   Expected: `Some
                Some
                  Some
                    Some
                      Some
                        Some
                          Some
                            Some
                              Some
                                Some
                                  Some
                                    Some
                                      Some
                                        Some
                                          Some
                                            Some
                                              Some
                                                Some
                                                  Some
                                                    Some
                                                      Some
                                                        Some
                                                          Some
                                                            Some
                                                              Some
                                                                Some
                                                                  Some
                                                                    Some
                                                                    Some
                                                                    Some
                                                                    Some
                                                                    Some
                                                                    Some
                                                                    Some
                                                                    Some 1'

   Received: `Some
                Some
                  Some
                    Some
                      Some
                        Some
                          Some
                            Some
                              Some
                                Some
                                  Some
                                    Some
                                      Some
                                        Some
                                          Some
                                            Some
                                              Some
                                                Some
                                                  Some
                                                    Some
                                                      Some
                                                        Some
                                                          Some
                                                            Some
                                                              Some
                                                                Some
                                                                  Some
                                                                    Some
                                                                    Some
                                                                    Some
                                                                    Some
                                                                    Some
                                                                    Some
                                                                    Some
                                                                    Some 2'
 ──────────────────────────────────────────────────────────────────────────────

3 failures! in <test-duration>s. 3 tests run.
