ERROR: Suite name cannot cannot be empty. Please pass a non-empty string to `run`.
