unknown_option.exe: unknown option `--dry-runn'.
Usage: unknown_option.exe COMMAND ...
Try `unknown_option.exe --help' for more information.
