Starting then doing nothing
[ocf] Halt
Sending requests
[ocf] Config
Error: failing to set configuration: unknown error
[ocf] Format 'char -> string'
Error: failing to format input: unknown error
[ocf] Halt
