ocamlformat: Cannot specify --inplace with --check
