ocamlformat: Cannot specify --output with --inplace
