ocamlformat: Must specify at least one input file, or `-` for stdin
