ocamlformat: Cannot specify --impl or --intf with multiple inputs
