ocamlformat: Must specify exactly one input file without --inplace or --check
