ocamlformat: Cannot deduce file kind from passed --name. Please specify --impl or --intf
