ocamlformat: Cannot specify --output with --check
