ocamlformat: Cannot specify --name with multiple inputs
