ocamlformat: Cannot specify stdin together with other inputs
