ocamlformat: option `--escape-chars': This option has been removed in version
             0.16.0. Concrete syntax will now always be preserved.
Usage: ocamlformat [OPTION]... [SRC]...
Try `ocamlformat --help' for more information.
